Router1(config-if)# ip address 192.168.254.1 255.255.255.255
Router1(config-if)#!
Router1(config-if)#route ospf 1
Router1(config-router)# route r-id 192.168.254.1
                              ^
% Invalid input detected at '^' marker.
	
Router1(config-router)# network 172.27.14.0 0.0.0.31 area 0
Router1(config-router)# network 172.27.14.128 0.0.0.3 area 0
Router1(config-router)# network 192.168.254.1 0.0.0.0 area 0
%LINK-5-CHANGED: Interface Loopback0, changed state to up

%LINEPROTO-5-UPDOWN: Line protocol on Interface Loopback0, changed state to up

Router1(config-router)# network 192.168.254.1 0.0.0.0 area 0
Router1(config-router)#
Router1(config-router)#interface lo0
Router1(config-if)# ip address 192.168.254.1 255.255.255.255
Router1(config-if)#!
Router1(config-if)#route ospf 1
Router1(config-router)# router-id 192.168.254.1
Router1(config-router)# network 172.27.14.0 0.0.0.31 area 0
Router1(config-router)# network 172.27.14.128 0.0.0.3 area 0
Router1(config-router)# network 192.168.254.1 0.0.0.0 area 0
Router1(config-router)#do sh run | inc ip route
Router1(config-router)#do sh ip route
Codes: C - connected, S - static, I - IGRP, R - RIP, M - mobile, B - BGP
       D - EIGRP, EX - EIGRP external, O - OSPF, IA - OSPF inter area
       N1 - OSPF NSSA external type 1, N2 - OSPF NSSA external type 2
       E1 - OSPF external type 1, E2 - OSPF external type 2, E - EGP
       i - IS-IS, L1 - IS-IS level-1, L2 - IS-IS level-2, ia - IS-IS inter area
       * - candidate default, U - per-user static route, o - ODR
       P - periodic downloaded static route

Gateway of last resort is not set

     172.27.0.0/16 is variably subnetted, 5 subnets, 4 masks
C       172.27.14.0/27 is directly connected, FastEthernet0/0
R       172.27.14.32/28 [120/1] via 172.27.14.130, 00:00:00, Serial0/0/0
R       172.27.14.48/29 [120/2] via 172.27.14.130, 00:00:00, Serial0/0/0
C       172.27.14.128/30 is directly connected, Serial0/0/0
R       172.27.14.132/30 [120/1] via 172.27.14.130, 00:00:00, Serial0/0/0
     192.168.254.0/32 is subnetted, 1 subnets
C       192.168.254.1 is directly connected, Loopback0

Router1(config-router)#
01:16:38: %OSPF-5-ADJCHG: Process 1, Nbr 192.168.254.2 on Serial0/0/0 from LOADING to FULL, Loading Done

Router1(config-router)#do sh ip route
Codes: C - connected, S - static, I - IGRP, R - RIP, M - mobile, B - BGP
       D - EIGRP, EX - EIGRP external, O - OSPF, IA - OSPF inter area
       N1 - OSPF NSSA external type 1, N2 - OSPF NSSA external type 2
       E1 - OSPF external type 1, E2 - OSPF external type 2, E - EGP
       i - IS-IS, L1 - IS-IS level-1, L2 - IS-IS level-2, ia - IS-IS inter area
       * - candidate default, U - per-user static route, o - ODR
       P - periodic downloaded static route

Gateway of last resort is not set

     172.27.0.0/16 is variably subnetted, 5 subnets, 4 masks
C       172.27.14.0/27 is directly connected, FastEthernet0/0
O       172.27.14.32/28 [110/65] via 172.27.14.130, 00:00:20, Serial0/0/0
R       172.27.14.48/29 [120/2] via 172.27.14.130, 00:00:04, Serial0/0/0
C       172.27.14.128/30 is directly connected, Serial0/0/0
O       172.27.14.132/30 [110/128] via 172.27.14.130, 00:00:20, Serial0/0/0
     192.168.254.0/32 is subnetted, 2 subnets
C       192.168.254.1 is directly connected, Loopback0
O       192.168.254.2 [110/65] via 172.27.14.130, 00:00:20, Serial0/0/0

Router1(config-router)#do sh ip route
Codes: C - connected, S - static, I - IGRP, R - RIP, M - mobile, B - BGP
       D - EIGRP, EX - EIGRP external, O - OSPF, IA - OSPF inter area
       N1 - OSPF NSSA external type 1, N2 - OSPF NSSA external type 2
       E1 - OSPF external type 1, E2 - OSPF external type 2, E - EGP
       i - IS-IS, L1 - IS-IS level-1, L2 - IS-IS level-2, ia - IS-IS inter area
       * - candidate default, U - per-user static route, o - ODR
       P - periodic downloaded static route

Gateway of last resort is not set

     172.27.0.0/16 is variably subnetted, 5 subnets, 4 masks
C       172.27.14.0/27 is directly connected, FastEthernet0/0
O       172.27.14.32/28 [110/65] via 172.27.14.130, 00:01:11, Serial0/0/0
O       172.27.14.48/29 [110/129] via 172.27.14.130, 00:00:43, Serial0/0/0
C       172.27.14.128/30 is directly connected, Serial0/0/0
O       172.27.14.132/30 [110/128] via 172.27.14.130, 00:01:11, Serial0/0/0
     192.168.254.0/32 is subnetted, 3 subnets
C       192.168.254.1 is directly connected, Loopback0
O       192.168.254.2 [110/65] via 172.27.14.130, 00:01:11, Serial0/0/0
O       192.168.254.3 [110/129] via 172.27.14.130, 00:00:43, Serial0/0/0

Router1(config-router)#exit
Router1(config)#ipv6 router ospf 1
Router1(config-rtr)#?
  area                   OSPF area parameters
  auto-cost              Calculate OSPF interface cost according to bandwidth
  default-information    Distribution of default information
  distance               Administrative distance
  exit                   Exit from routing protocol configuration mode
  log-adjacency-changes  Log changes in adjacency state
  no                     Negate a command or set its defaults
  passive-interface      Suppress routing updates on an interface
  redistribute           Redistribute information from another routing protocol
  router-id              router-id for this OSPF process
Router1(config-rtr)#router-id ?
  A.B.C.D  OSPF router-id in IP address format
Router1(config-rtr)#router-id 192.168.254.1
Router1(config-rtr)#exit
Router1(config)#int f0/0
Router1(config-if)#ipv6 ospf 1 area 0
Router1(config-if)#int s0/0/0
Router1(config-if)#ipv6 ospf 1 area 0
Router1(config-if)#
Router1#
%SYS-5-CONFIG_I: Configured from console by console

Router1#do sh ip route
           ^
% Invalid input detected at '^' marker.
	
Router1#conf t
Enter configuration commands, one per line.  End with CNTL/Z.
Router1(config)#do sh ip route
Codes: C - connected, S - static, I - IGRP, R - RIP, M - mobile, B - BGP
       D - EIGRP, EX - EIGRP external, O - OSPF, IA - OSPF inter area
       N1 - OSPF NSSA external type 1, N2 - OSPF NSSA external type 2
       E1 - OSPF external type 1, E2 - OSPF external type 2, E - EGP
       i - IS-IS, L1 - IS-IS level-1, L2 - IS-IS level-2, ia - IS-IS inter area
       * - candidate default, U - per-user static route, o - ODR
       P - periodic downloaded static route

Gateway of last resort is not set

     172.27.0.0/16 is variably subnetted, 5 subnets, 4 masks
C       172.27.14.0/27 is directly connected, FastEthernet0/0
O       172.27.14.32/28 [110/65] via 172.27.14.130, 00:10:04, Serial0/0/0
O       172.27.14.48/29 [110/129] via 172.27.14.130, 00:09:36, Serial0/0/0
C       172.27.14.128/30 is directly connected, Serial0/0/0
O       172.27.14.132/30 [110/128] via 172.27.14.130, 00:10:04, Serial0/0/0
     192.168.254.0/32 is subnetted, 3 subnets
C       192.168.254.1 is directly connected, Loopback0
O       192.168.254.2 [110/65] via 172.27.14.130, 00:10:04, Serial0/0/0
O       192.168.254.3 [110/129] via 172.27.14.130, 00:09:36, Serial0/0/0

Router1(config)#
01:27:36: %OSPFv3-5-ADJCHG: Process 1, Nbr 192.168.254.2 on Serial0/0/0 from LOADING to FULL, Loading Done

Router1(config)#do sh ip route
Codes: C - connected, S - static, I - IGRP, R - RIP, M - mobile, B - BGP
       D - EIGRP, EX - EIGRP external, O - OSPF, IA - OSPF inter area
       N1 - OSPF NSSA external type 1, N2 - OSPF NSSA external type 2
       E1 - OSPF external type 1, E2 - OSPF external type 2, E - EGP
       i - IS-IS, L1 - IS-IS level-1, L2 - IS-IS level-2, ia - IS-IS inter area
       * - candidate default, U - per-user static route, o - ODR
       P - periodic downloaded static route

Gateway of last resort is not set

     172.27.0.0/16 is variably subnetted, 5 subnets, 4 masks
C       172.27.14.0/27 is directly connected, FastEthernet0/0
O       172.27.14.32/28 [110/65] via 172.27.14.130, 00:12:44, Serial0/0/0
O       172.27.14.48/29 [110/129] via 172.27.14.130, 00:12:16, Serial0/0/0
C       172.27.14.128/30 is directly connected, Serial0/0/0
O       172.27.14.132/30 [110/128] via 172.27.14.130, 00:12:44, Serial0/0/0
     192.168.254.0/32 is subnetted, 3 subnets
C       192.168.254.1 is directly connected, Loopback0
O       192.168.254.2 [110/65] via 172.27.14.130, 00:12:44, Serial0/0/0
O       192.168.254.3 [110/129] via 172.27.14.130, 00:12:16, Serial0/0/0

Router1(config)#
Router1(config)#
Router1(config)#
Router1(config)#do sh ipv6 route
IPv6 Routing Table - 8 entries
Codes: C - Connected, L - Local, S - Static, R - RIP, B - BGP
       U - Per-user Static route, M - MIPv6
       I1 - ISIS L1, I2 - ISIS L2, IA - ISIS interarea, IS - ISIS summary
       O - OSPF intra, OI - OSPF inter, OE1 - OSPF ext 1, OE2 - OSPF ext 2
       ON1 - OSPF NSSA ext 1, ON2 - OSPF NSSA ext 2
       D - EIGRP, EX - EIGRP external
C   2001::/64 [0/0]
     via ::, FastEthernet0/0
L   2001::172:27:14:1/128 [0/0]
     via ::, FastEthernet0/0
O   2001:0:0:32::/64 [110/65]
     via FE80::260:3EFF:FE52:5D01, Serial0/0/0
O   2001:0:0:48::/64 [110/129]
     via FE80::260:3EFF:FE52:5D01, Serial0/0/0
C   2001:0:0:128::/64 [0/0]
     via ::, Serial0/0/0
L   2001::128:172:27:14:129/128 [0/0]
     via ::, Serial0/0/0
O   2001:0:0:132::/64 [110/128]
     via FE80::260:3EFF:FE52:5D01, Serial0/0/0
L   FF00::/8 [0/0]
     via ::, Null0
Router1(config)#
Router1(config)#
Router1(config)#
Router1(config)#